// Jest Snapshot v1, https://goo.gl/fbAQLP

exports[`search 1`] = `
{
  "found": 1,
  "pageNum": 1,
  "results": [
    {
      "ADDRESS": "226B COMPASSVALE WALK COMPASSVALE VISTA SINGAPORE 542226",
      "BLK_NO": "226B",
      "BUILDING": "COMPASSVALE VISTA",
      "LATITUDE": "1.38771174427547",
      "LONGITUDE": "103.899302425122",
      "POSTAL": "542226",
      "ROAD_NAME": "COMPASSVALE WALK",
      "SEARCHVAL": "COMPASSVALE VISTA",
      "X": "35343.1499079037",
      "Y": "41071.7320690025",
    },
  ],
  "totalNumPages": 1,
}
`;
