// Jest Snapshot v1, https://goo.gl/fbAQLP

exports[`checkThemeStatus 1`] = `
{
  "UpdatedFile": true,
}
`;

exports[`getAllThemesInfo 1`] = `
{
  "Theme_Names": [
    {
      "CATEGORY": "Environment",
      "EXPIRY_DATE": "31/12/2028",
      "ICON": "coffina20.jpg",
      "PUBLISHED_DATE": "01/01/2012",
      "QUERYNAME": "afterdeathfacilities",
      "THEMENAME": "After Death Facilities",
      "THEME_OWNER": "NATIONAL ENVIRONMENT AGENCY",
    },
    {
      "CATEGORY": "Education",
      "EXPIRY_DATE": "31/12/2026",
      "ICON": "school.gif",
      "PUBLISHED_DATE": "01/01/2012",
      "QUERYNAME": "kindergartens",
      "THEMENAME": "Kindergartens",
      "THEME_OWNER": "EARLY CHILDHOOD DEVELOPMENT AGENCY",
    },
    {
      "CATEGORY": "Community",
      "EXPIRY_DATE": "30/12/2022",
      "ICON": "PA.jpg",
      "PUBLISHED_DATE": "31/12/2011",
      "QUERYNAME": "communityclubs",
      "THEMENAME": "Community Clubs",
      "THEME_OWNER": "PEOPLE'S ASSOCIATION",
    },
    {
      "CATEGORY": "Education",
      "EXPIRY_DATE": "30/04/2023",
      "ICON": "pink.jpg",
      "PUBLISHED_DATE": "01/01/2012",
      "QUERYNAME": "cpe_pei_premises",
      "THEMENAME": "Private Education Institutions",
      "THEME_OWNER": "SKILLSFUTURE SINGAPORE",
    },
    {
      "CATEGORY": "Community",
      "EXPIRY_DATE": "31/12/2027",
      "ICON": "PA.jpg",
      "PUBLISHED_DATE": "01/01/2012",
      "QUERYNAME": "constituencyoffices",
      "THEMENAME": "Constituency Offices",
      "THEME_OWNER": "PEOPLE'S ASSOCIATION",
    },
    {
      "CATEGORY": "National Service",
      "EXPIRY_DATE": "31/12/2017",
      "ICON": "HSGB_FCC.png",
      "PUBLISHED_DATE": "01/01/2012",
      "QUERYNAME": "hsgb_ippt",
      "THEMENAME": "IPPT In Your Community",
      "THEME_OWNER": "MINISTRY OF DEFENCE",
    },
    {
      "CATEGORY": "null",
      "EXPIRY_DATE": "31/12/2013",
      "ICON": "null",
      "PUBLISHED_DATE": "01/01/2012",
      "QUERYNAME": "customs_tabacco_product",
      "THEMENAME": "Licensed Premises for Liquors & Tabacco Products",
      "THEME_OWNER": "SINGAPORE CUSTOMS",
    },
    {
      "CATEGORY": "Community",
      "EXPIRY_DATE": "30/06/2017",
      "ICON": "ico_mouse.gif",
      "PUBLISHED_DATE": "01/01/2012",
      "QUERYNAME": "infocommaccess",
      "THEMENAME": "Infocomm Accessibility",
      "THEME_OWNER": "INFOCOMM MEDIA DEVELOPMENT AUTHORITY",
    },
    {
      "CATEGORY": "Culture",
      "EXPIRY_DATE": "31/12/2028",
      "ICON": "library.gif",
      "PUBLISHED_DATE": "01/01/2012",
      "QUERYNAME": "libraries",
      "THEMENAME": "Libraries",
      "THEME_OWNER": "NATIONAL LIBRARY BOARD",
    },
    {
      "CATEGORY": "Community",
      "EXPIRY_DATE": "31/12/2027",
      "ICON": "PA.jpg",
      "PUBLISHED_DATE": "01/01/2012",
      "QUERYNAME": "otherpanetworks",
      "THEMENAME": "Other PA Networks",
      "THEME_OWNER": "PEOPLE'S ASSOCIATION",
    },
    {
      "CATEGORY": "Culture",
      "EXPIRY_DATE": "31/12/2024",
      "ICON": "mr.gif",
      "PUBLISHED_DATE": "01/01/2012",
      "QUERYNAME": "museum",
      "THEMENAME": "Museums",
      "THEME_OWNER": "NATIONAL HERITAGE BOARD",
    },
    {
      "CATEGORY": "Recreation",
      "EXPIRY_DATE": "19/07/2022",
      "ICON": "icon36x36pcn.jpg",
      "PUBLISHED_DATE": "13/01/2015",
      "QUERYNAME": "pcn_access_points",
      "THEMENAME": "PCN Access Points",
      "THEME_OWNER": "NATIONAL PARKS BOARD",
    },
    {
      "CATEGORY": "Sports",
      "EXPIRY_DATE": "30/12/2017",
      "ICON": "RedDot(20x20px)clear.png",
      "PUBLISHED_DATE": "26/12/2013",
      "QUERYNAME": "ssc_sports_facilities",
      "THEMENAME": "SportSG Sport Facilities",
      "THEME_OWNER": "",
    },
    {
      "CATEGORY": "Environment",
      "EXPIRY_DATE": "31/12/2019",
      "ICON": "disposala20.png",
      "PUBLISHED_DATE": "01/01/2012",
      "QUERYNAME": "wastedisposalsite",
      "THEMENAME": "Waste Disposal Site",
      "THEME_OWNER": "NATIONAL ENVIRONMENT AGENCY",
    },
    {
      "CATEGORY": "Community",
      "EXPIRY_DATE": "30/12/2022",
      "ICON": "Water-Venture.gif",
      "PUBLISHED_DATE": "31/12/2011",
      "QUERYNAME": "waterventure",
      "THEMENAME": "Water Ventures",
      "THEME_OWNER": "PEOPLE'S ASSOCIATION",
    },
    {
      "CATEGORY": "Recreation",
      "EXPIRY_DATE": "29/11/2021",
      "ICON": "Bikepark.jpg",
      "PUBLISHED_DATE": "29/11/2016",
      "QUERYNAME": "bicyclerack",
      "THEMENAME": "LTA Bicycle Rack",
      "THEME_OWNER": "LAND TRANSPORT AUTHORITY",
    },
    {
      "CATEGORY": "null",
      "EXPIRY_DATE": "31/12/2017",
      "ICON": "null",
      "PUBLISHED_DATE": "01/01/2012",
      "QUERYNAME": "heritageroadgreenbuffer",
      "THEMENAME": "Heritage Road Green Buffers",
      "THEME_OWNER": "NATIONAL PARKS BOARD",
    },
    {
      "CATEGORY": "Community",
      "EXPIRY_DATE": "01/01/2028",
      "ICON": "icon_enforcementCam_20-01.jpg",
      "PUBLISHED_DATE": "24/04/2017",
      "QUERYNAME": "lta_road_enforcement_camera",
      "THEMENAME": "LTA Road Camera",
      "THEME_OWNER": "LAND TRANSPORT AUTHORITY",
    },
    {
      "CATEGORY": "Sports",
      "EXPIRY_DATE": "31/12/2024",
      "ICON": "RedDot(20x20px)clear.png",
      "PUBLISHED_DATE": "27/12/2013",
      "QUERYNAME": "sportsg_sport_facilities",
      "THEMENAME": "SportSG Sport Facilities",
      "THEME_OWNER": "SPORT SINGAPORE",
    },
    {
      "CATEGORY": "null",
      "EXPIRY_DATE": "31/12/2017",
      "ICON": "null",
      "PUBLISHED_DATE": "01/01/2012",
      "QUERYNAME": "nparks_bbq_pit",
      "THEMENAME": "NParks BBQ Pits",
      "THEME_OWNER": "NATIONAL PARKS BOARD",
    },
    {
      "CATEGORY": "null",
      "EXPIRY_DATE": "31/12/2017",
      "ICON": "null",
      "PUBLISHED_DATE": "01/01/2012",
      "QUERYNAME": "customs_tradenet_service",
      "THEMENAME": "TradeNet Service Centres & Certified Vendors",
      "THEME_OWNER": "SINGAPORE CUSTOMS",
    },
    {
      "CATEGORY": "Community",
      "EXPIRY_DATE": "31/12/2028",
      "ICON": "SpeedCam_logo.gif",
      "PUBLISHED_DATE": "08/02/2017",
      "QUERYNAME": "spf_rlc",
      "THEMENAME": "Singapore Police Force Red Light Cameras",
      "THEME_OWNER": "SINGAPORE POLICE FORCE",
    },
    {
      "CATEGORY": "null",
      "EXPIRY_DATE": "31/12/2013",
      "ICON": "null",
      "PUBLISHED_DATE": "01/01/2012",
      "QUERYNAME": "tree_conservation_area",
      "THEMENAME": "Tree Conservation Area",
      "THEME_OWNER": "NATIONAL PARKS BOARD",
    },
    {
      "CATEGORY": "Community",
      "EXPIRY_DATE": "31/12/2020",
      "ICON": "map-carpark.jpg",
      "PUBLISHED_DATE": "30/06/2016",
      "QUERYNAME": "hdb_car_park_information",
      "THEMENAME": "HDB Car Park Information",
      "THEME_OWNER": "HOUSING AND DEVELOPMENT BOARD",
    },
    {
      "CATEGORY": "Environment",
      "EXPIRY_DATE": "31/12/2022",
      "ICON": "Capture.PNG",
      "PUBLISHED_DATE": "18/12/2017",
      "QUERYNAME": "pub_waterlevelsensors",
      "THEMENAME": "PUB Water Level Sensors",
      "THEME_OWNER": "PUBLIC UTILITIES BOARD",
    },
    {
      "CATEGORY": "Community",
      "EXPIRY_DATE": "31/12/2023",
      "ICON": "Crest_20x20.jpg",
      "PUBLISHED_DATE": "04/04/2018",
      "QUERYNAME": "as_shangrila_core",
      "THEMENAME": "Singapore Police Force - 32nd ASEAN Summit Shangri-La Hotel Special Zone",
      "THEME_OWNER": "SINGAPORE POLICE FORCE",
    },
    {
      "CATEGORY": "null",
      "EXPIRY_DATE": "31/12/2017",
      "ICON": "null",
      "PUBLISHED_DATE": "01/01/2012",
      "QUERYNAME": "ed_bdy_2009",
      "THEMENAME": "Electoral Boundary 2006",
      "THEME_OWNER": "ELECTIONS DEPARTMENT",
    },
    {
      "CATEGORY": "null",
      "EXPIRY_DATE": "31/12/2017",
      "ICON": "null",
      "PUBLISHED_DATE": "01/01/2012",
      "QUERYNAME": "eld2015",
      "THEMENAME": "Electoral Boundary 2015",
      "THEME_OWNER": "ELECTIONS DEPARTMENT",
    },
    {
      "CATEGORY": "null",
      "EXPIRY_DATE": "31/12/2017",
      "ICON": "null",
      "PUBLISHED_DATE": "01/01/2012",
      "QUERYNAME": "tb_msis_gaz_ed",
      "THEMENAME": "Electoral Boundary 2011",
      "THEME_OWNER": "ELECTIONS DEPARTMENT",
    },
    {
      "CATEGORY": "Community",
      "EXPIRY_DATE": "31/12/2023",
      "ICON": "Crest_20x20.jpg",
      "PUBLISHED_DATE": "04/04/2018",
      "QUERYNAME": "as_istana_core",
      "THEMENAME": "Singapore Police Force - 32nd ASEAN Summit Istana Special Zone",
      "THEME_OWNER": "SINGAPORE POLICE FORCE",
    },
    {
      "CATEGORY": "Community",
      "EXPIRY_DATE": "31/12/2023",
      "ICON": "Crest_20x20.jpg",
      "PUBLISHED_DATE": "04/04/2018",
      "QUERYNAME": "as_istana_buffer",
      "THEMENAME": "Singapore Police Force - 32nd ASEAN Summit Istana Special Event Area",
      "THEME_OWNER": "SINGAPORE POLICE FORCE",
    },
    {
      "CATEGORY": "Community",
      "EXPIRY_DATE": "31/12/2023",
      "ICON": "Crest_20x20.jpg",
      "PUBLISHED_DATE": "04/04/2018",
      "QUERYNAME": "as_shangrila_buffer",
      "THEMENAME": "Singapore Police Force - 32nd ASEAN Summit Shangri-La Hotel Special Event Area",
      "THEME_OWNER": "SINGAPORE POLICE FORCE",
    },
    {
      "CATEGORY": "Environment",
      "EXPIRY_DATE": "31/12/2023",
      "ICON": "stableslogo.PNG",
      "PUBLISHED_DATE": "01/10/2013",
      "QUERYNAME": "stables",
      "THEMENAME": "Stables",
      "THEME_OWNER": "NATIONAL ENVIRONMENT AGENCY",
    },
    {
      "CATEGORY": "null",
      "EXPIRY_DATE": "30/12/2013",
      "ICON": "null",
      "PUBLISHED_DATE": "31/12/2011",
      "QUERYNAME": "singapore_cmhabitats_20102011",
      "THEMENAME": "Singapore Coastal Habitats Map from High Resolution Satellite Imagery (2010/2011)",
      "THEME_OWNER": "NATIONAL PARKS BOARD",
    },
    {
      "CATEGORY": "Community",
      "EXPIRY_DATE": "25/09/2024",
      "ICON": "CAAS logo.png",
      "PUBLISHED_DATE": "26/09/2019",
      "QUERYNAME": "solarpv_zones",
      "THEMENAME": "CAAS Zones for Solar PV Consultation",
      "THEME_OWNER": "CIVIL AVIATION AUTHORITY OF SINGAPORE",
    },
    {
      "CATEGORY": "Environment",
      "EXPIRY_DATE": "31/12/2028",
      "ICON": "mosquito.png",
      "PUBLISHED_DATE": "14/08/2019",
      "QUERYNAME": "areas_hap",
      "THEMENAME": "Areas with High Aedes Population",
      "THEME_OWNER": "NATIONAL ENVIRONMENT AGENCY",
    },
    {
      "CATEGORY": "Environment",
      "EXPIRY_DATE": "31/12/2028",
      "ICON": "HC icons_Opt 8.jpg",
      "PUBLISHED_DATE": "01/01/2012",
      "QUERYNAME": "hawkercentre",
      "THEMENAME": "Hawker Centres",
      "THEME_OWNER": "NATIONAL ENVIRONMENT AGENCY",
    },
    {
      "CATEGORY": "Environment",
      "EXPIRY_DATE": "31/12/2025",
      "ICON": "circle.png",
      "PUBLISHED_DATE": "16/04/2020",
      "QUERYNAME": "activecemeteries",
      "THEMENAME": "Active Cemeteries",
      "THEME_OWNER": "NATIONAL ENVIRONMENT AGENCY",
    },
    {
      "CATEGORY": "null",
      "EXPIRY_DATE": "30/12/2017",
      "ICON": "null",
      "PUBLISHED_DATE": "31/12/2011",
      "QUERYNAME": "roadattributeline_speedlimits",
      "THEMENAME": "Road Speed Limit",
      "THEME_OWNER": "LAND TRANSPORT AUTHORITY",
    },
    {
      "CATEGORY": "null",
      "EXPIRY_DATE": "31/12/2013",
      "ICON": "null",
      "PUBLISHED_DATE": "01/01/2012",
      "QUERYNAME": "lta_rdproj_unclass",
      "THEMENAME": "LTA Road Construction Project (Unclassified)",
      "THEME_OWNER": "LAND TRANSPORT AUTHORITY",
    },
    {
      "CATEGORY": "Environment",
      "EXPIRY_DATE": "31/12/2028",
      "ICON": "RVMresized2.png",
      "PUBLISHED_DATE": "16/01/2020",
      "QUERYNAME": "rvm",
      "THEMENAME": "RecycleNSave Reverse Vending Machines (RVMs) Locations",
      "THEME_OWNER": "NATIONAL ENVIRONMENT AGENCY",
    },
    {
      "CATEGORY": "Environment",
      "EXPIRY_DATE": "31/12/2025",
      "ICON": "circle.png",
      "PUBLISHED_DATE": "20/04/2020",
      "QUERYNAME": "columbaria",
      "THEMENAME": "Dedicated Columbaria",
      "THEME_OWNER": "NATIONAL ENVIRONMENT AGENCY",
    },
    {
      "CATEGORY": "Community",
      "EXPIRY_DATE": "08/12/2023",
      "ICON": "1map.jpg",
      "PUBLISHED_DATE": "08/12/2021",
      "QUERYNAME": "strengtheningfam",
      "THEMENAME": "Strengthening Families Programme",
      "THEME_OWNER": "MINISTRY OF SOCIAL AND FAMILY DEVELOPMENT",
    },
    {
      "CATEGORY": "Community",
      "EXPIRY_DATE": "31/12/2027",
      "ICON": "PA.jpg",
      "PUBLISHED_DATE": "01/01/2012",
      "QUERYNAME": "communityclubpassionwave",
      "THEMENAME": "Community Club / PAssion WaVe Outlet",
      "THEME_OWNER": "PEOPLE'S ASSOCIATION",
    },
    {
      "CATEGORY": "Government Offices",
      "EXPIRY_DATE": "31/12/2023",
      "ICON": "Crest_20x20.jpg",
      "PUBLISHED_DATE": "13/04/2022",
      "QUERYNAME": "pcg_offshore_islands",
      "THEMENAME": "Singapore Police Force - PCG Offshore Islands",
      "THEME_OWNER": "SINGAPORE POLICE FORCE",
    },
    {
      "CATEGORY": "Community",
      "EXPIRY_DATE": "30/08/2022",
      "ICON": "spf_icon.jpg",
      "PUBLISHED_DATE": "01/08/2022",
      "QUERYNAME": "ndp_22_sea",
      "THEMENAME": "Singapore Police Force - National Day Parade (NDP) 2022 Special Event Area",
      "THEME_OWNER": "SINGAPORE POLICE FORCE",
    },
    {
      "CATEGORY": "Community",
      "EXPIRY_DATE": "30/08/2022",
      "ICON": "spf_icon.jpg",
      "PUBLISHED_DATE": "01/08/2022",
      "QUERYNAME": "ndp_22_sz",
      "THEMENAME": "Singapore Police Force - National Day Parade (NDP) 2022 Special Zone",
      "THEME_OWNER": "SINGAPORE POLICE FORCE",
    },
    {
      "CATEGORY": "Environment",
      "EXPIRY_DATE": "31/12/2023",
      "ICON": "icon.png",
      "PUBLISHED_DATE": "11/04/2018",
      "QUERYNAME": "track_record_ils_feb18",
      "THEMENAME": "Certificate Grading Info of Licensed Eating Establishments",
      "THEME_OWNER": "SINGAPORE FOOD AGENCY",
    },
    {
      "CATEGORY": "National Service",
      "EXPIRY_DATE": "31/12/2017",
      "ICON": "HSGB_FCC.png",
      "PUBLISHED_DATE": "01/01/2012",
      "QUERYNAME": "hsgb_napfa",
      "THEMENAME": "NAPFA Test Centre",
      "THEME_OWNER": "MINISTRY OF DEFENCE",
    },
    {
      "CATEGORY": "null",
      "EXPIRY_DATE": "31/12/2013",
      "ICON": "null",
      "PUBLISHED_DATE": "01/01/2012",
      "QUERYNAME": "customs_motor_vehicle",
      "THEMENAME": "Licensed Premises for Motor Vehicles",
      "THEME_OWNER": "SINGAPORE CUSTOMS",
    },
    {
      "CATEGORY": "null",
      "EXPIRY_DATE": "31/12/2013",
      "ICON": "null",
      "PUBLISHED_DATE": "01/01/2012",
      "QUERYNAME": "jtc_luse_bp_bpw",
      "THEMENAME": "JTC Business Park Land",
      "THEME_OWNER": "JTC CORPORATION",
    },
    {
      "CATEGORY": "Emergency Preparedness",
      "EXPIRY_DATE": "31/12/2027",
      "ICON": "Onemap.png",
      "PUBLISHED_DATE": "05/06/2018",
      "QUERYNAME": "civildefencepublicshelters",
      "THEMENAME": "Civil Defence Public Shelters",
      "THEME_OWNER": "SINGAPORE CIVIL DEFENCE FORCE",
    },
    {
      "CATEGORY": "Recreation",
      "EXPIRY_DATE": "31/12/2028",
      "ICON": "hotel.gif",
      "PUBLISHED_DATE": "01/01/2012",
      "QUERYNAME": "hotels",
      "THEMENAME": "Hotels",
      "THEME_OWNER": "HOTELS LICENSING BOARD",
    },
    {
      "CATEGORY": "Health",
      "EXPIRY_DATE": "31/12/2023",
      "ICON": "HCS.jpg",
      "PUBLISHED_DATE": "02/04/2015",
      "QUERYNAME": "healthiercaterers",
      "THEMENAME": "Healthier Caterers",
      "THEME_OWNER": "HEALTH PROMOTION BOARD",
    },
    {
      "CATEGORY": "Sports",
      "EXPIRY_DATE": "31/12/2024",
      "ICON": "20170810_DUS_ICON.png",
      "PUBLISHED_DATE": "11/08/2017",
      "QUERYNAME": "sportsg_dus_sport_facilities",
      "THEMENAME": "SportSG DUS Sport Facilities",
      "THEME_OWNER": "SPORT SINGAPORE",
    },
    {
      "CATEGORY": "Sports",
      "EXPIRY_DATE": "22/03/2024",
      "ICON": "20170810_DUS_ICON.png",
      "PUBLISHED_DATE": "22/03/2018",
      "QUERYNAME": "sportsg_sip_facilities",
      "THEMENAME": "SportSG SIP Facilities",
      "THEME_OWNER": "SPORT SINGAPORE",
    },
    {
      "CATEGORY": "Recreation",
      "EXPIRY_DATE": "30/04/2025",
      "ICON": "recreation_sla.gif",
      "PUBLISHED_DATE": "01/01/2012",
      "QUERYNAME": "comm_use_sites",
      "THEMENAME": "Community Use Sites",
      "THEME_OWNER": "SINGAPORE LAND AUTHORITY",
    },
    {
      "CATEGORY": "null",
      "EXPIRY_DATE": "31/12/2013",
      "ICON": "null",
      "PUBLISHED_DATE": "01/01/2012",
      "QUERYNAME": "liquor_control_zone",
      "THEMENAME": "Liquor Control Zone under Public Order (Additional Temporary Measures) Act 2014",
      "THEME_OWNER": "SINGAPORE POLICE FORCE",
    },
    {
      "CATEGORY": "null",
      "EXPIRY_DATE": "31/12/2013",
      "ICON": "null",
      "PUBLISHED_DATE": "01/01/2012",
      "QUERYNAME": "hdb_active_blk_p",
      "THEMENAME": "HDB Existing Building",
      "THEME_OWNER": "HOUSING AND DEVELOPMENT BOARD",
    },
    {
      "CATEGORY": "null",
      "EXPIRY_DATE": "31/12/2013",
      "ICON": "null",
      "PUBLISHED_DATE": "01/01/2012",
      "QUERYNAME": "customs_petroleum_product",
      "THEMENAME": "Licensed premises for petroleum products",
      "THEME_OWNER": "SINGAPORE CUSTOMS",
    },
    {
      "CATEGORY": "Environment",
      "EXPIRY_DATE": "31/03/2024",
      "ICON": "tree_icon_supercompressed.jpg",
      "PUBLISHED_DATE": "01/01/2012",
      "QUERYNAME": "heritagetrees",
      "THEMENAME": "Heritage Trees",
      "THEME_OWNER": "NATIONAL PARKS BOARD",
    },
    {
      "CATEGORY": "Environment",
      "EXPIRY_DATE": "31/12/2026",
      "ICON": "tender-map-abc.png",
      "PUBLISHED_DATE": "03/07/2018",
      "QUERYNAME": "abcwatersconstruction",
      "THEMENAME": "ABC Waters Construction",
      "THEME_OWNER": "PUBLIC UTILITIES BOARD",
    },
    {
      "CATEGORY": "Community",
      "EXPIRY_DATE": "31/12/2028",
      "ICON": "SpeedCam_logo.gif",
      "PUBLISHED_DATE": "05/12/2016",
      "QUERYNAME": "spf_msc",
      "THEMENAME": "Singapore Police Force Mobile Speed Cameras",
      "THEME_OWNER": "SINGAPORE POLICE FORCE",
    },
    {
      "CATEGORY": "Environment",
      "EXPIRY_DATE": "31/12/2024",
      "ICON": "ParkingLot.png",
      "PUBLISHED_DATE": "01/10/2019",
      "QUERYNAME": "ura_parking_lot",
      "THEMENAME": "URA Parking Lot",
      "THEME_OWNER": "URBAN REDEVELOPMENT AUTHORITY",
    },
    {
      "CATEGORY": "Recreation",
      "EXPIRY_DATE": "31/03/2024",
      "ICON": "LOGGGGGG.jpg",
      "PUBLISHED_DATE": "31/03/2022",
      "QUERYNAME": "drone_no_fly",
      "THEMENAME": "Prohibited Drone flying areas at NParks Nature Reserves, Nature Parks and Gardens",
      "THEME_OWNER": "NATIONAL PARKS BOARD",
    },
    {
      "CATEGORY": "Emergency Preparedness",
      "EXPIRY_DATE": "31/12/2024",
      "ICON": "SCDF.jpg",
      "PUBLISHED_DATE": "19/07/2013",
      "QUERYNAME": "scdfhq",
      "THEMENAME": "SCDF HQs and Training Establishments",
      "THEME_OWNER": "SINGAPORE CIVIL DEFENCE FORCE",
    },
    {
      "CATEGORY": "Community",
      "EXPIRY_DATE": "31/12/2028",
      "ICON": "DTRLS--logo.gif",
      "PUBLISHED_DATE": "02/04/2015",
      "QUERYNAME": "spf_dtrls",
      "THEMENAME": "Singapore Police Force Digital Traffic Red Light Cameras",
      "THEME_OWNER": "SINGAPORE POLICE FORCE",
    },
    {
      "CATEGORY": "Government Offices",
      "EXPIRY_DATE": "31/12/2028",
      "ICON": "Crest_20x20.jpg",
      "PUBLISHED_DATE": "08/11/2012",
      "QUERYNAME": "spf_establishments",
      "THEMENAME": "Singapore Police Force Establishments",
      "THEME_OWNER": "SINGAPORE POLICE FORCE",
    },
    {
      "CATEGORY": "Community",
      "EXPIRY_DATE": "31/12/2028",
      "ICON": "SpeedCam_logo.gif",
      "PUBLISHED_DATE": "05/12/2016",
      "QUERYNAME": "spf_fsc",
      "THEMENAME": "Singapore Police Force Fixed Speed Cameras",
      "THEME_OWNER": "SINGAPORE POLICE FORCE",
    },
    {
      "CATEGORY": "Community",
      "EXPIRY_DATE": "31/12/2028",
      "ICON": "SpeedCam_logo.gif",
      "PUBLISHED_DATE": "05/12/2016",
      "QUERYNAME": "spf_pslc",
      "THEMENAME": "Singapore Police Force Police Speed Laser Cameras",
      "THEME_OWNER": "SINGAPORE POLICE FORCE",
    },
    {
      "CATEGORY": "Recreation",
      "EXPIRY_DATE": "31/12/2028",
      "ICON": "tourist_spot.gif",
      "PUBLISHED_DATE": "01/01/2012",
      "QUERYNAME": "tourism",
      "THEMENAME": "Tourist Attractions",
      "THEME_OWNER": "SINGAPORE TOURISM BOARD",
    },
    {
      "CATEGORY": "Employment",
      "EXPIRY_DATE": "31/03/2022",
      "ICON": "WSQ.jpg",
      "PUBLISHED_DATE": "01/01/2012",
      "QUERYNAME": "wdaservicepoints",
      "THEMENAME": "CareersConnect",
      "THEME_OWNER": "SINGAPORE WORKFORCE DEVELOPMENT AGENCY",
    },
    {
      "CATEGORY": "Recreation",
      "EXPIRY_DATE": "01/03/2024",
      "ICON": "Resized-BHFPC.jpg",
      "PUBLISHED_DATE": "09/03/2016",
      "QUERYNAME": "cib_gardens",
      "THEMENAME": "Community in Bloom (CIB)",
      "THEME_OWNER": "NATIONAL PARKS BOARD",
    },
    {
      "CATEGORY": "Recreation",
      "EXPIRY_DATE": "31/03/2024",
      "ICON": "2016-03-31-CYCLING LOGO-Blue.jpg",
      "PUBLISHED_DATE": "15/04/2016",
      "QUERYNAME": "cyclingpath",
      "THEMENAME": "Cycling Path Network",
      "THEME_OWNER": "LAND TRANSPORT AUTHORITY",
    },
    {
      "CATEGORY": "Community",
      "EXPIRY_DATE": "31/12/2027",
      "ICON": "CAAS logo.png",
      "PUBLISHED_DATE": "20/01/2016",
      "QUERYNAME": "danger_areas",
      "THEMENAME": "Areas within Danger Areas",
      "THEME_OWNER": "CIVIL AVIATION AUTHORITY OF SINGAPORE",
    },
    {
      "CATEGORY": "Recreation",
      "EXPIRY_DATE": "31/03/2024",
      "ICON": "untitled2.png",
      "PUBLISHED_DATE": "30/08/2017",
      "QUERYNAME": "nparks_lamppost",
      "THEMENAME": "NParks Lamp Post",
      "THEME_OWNER": "NATIONAL PARKS BOARD",
    },
    {
      "CATEGORY": "Recreation",
      "EXPIRY_DATE": "31/03/2024",
      "ICON": "image.jpg",
      "PUBLISHED_DATE": "30/04/2014",
      "QUERYNAME": "park_connector_loop",
      "THEMENAME": "Park Connector Loop",
      "THEME_OWNER": "NATIONAL PARKS BOARD",
    },
    {
      "CATEGORY": "Community",
      "EXPIRY_DATE": "31/12/2025",
      "ICON": "CAAS logo.png",
      "PUBLISHED_DATE": "20/01/2016",
      "QUERYNAME": "boundary_5km",
      "THEMENAME": "Areas within 5km of aerodromes",
      "THEME_OWNER": "CIVIL AVIATION AUTHORITY OF SINGAPORE",
    },
    {
      "CATEGORY": "null",
      "EXPIRY_DATE": "31/12/2013",
      "ICON": "null",
      "PUBLISHED_DATE": "01/01/2012",
      "QUERYNAME": "hdbroadsunderconstruction",
      "THEMENAME": "HDB Roads Under Construction",
      "THEME_OWNER": "HOUSING AND DEVELOPMENT BOARD",
    },
    {
      "CATEGORY": "Health",
      "EXPIRY_DATE": "31/12/2028",
      "ICON": "Pharmacies_new.jpg",
      "PUBLISHED_DATE": "15/03/2014",
      "QUERYNAME": "registered_pharmacy",
      "THEMENAME": "Retail pharmacy locations",
      "THEME_OWNER": "HEALTH SCIENCES AUTHORITY",
    },
    {
      "CATEGORY": "Family",
      "EXPIRY_DATE": "08/12/2023",
      "ICON": "onemap-fc-vwo.png",
      "PUBLISHED_DATE": "01/01/2012",
      "QUERYNAME": "voluntarywelfareorgs",
      "THEMENAME": "Social Service Agencies",
      "THEME_OWNER": "MINISTRY OF SOCIAL AND FAMILY DEVELOPMENT",
    },
    {
      "CATEGORY": "Family",
      "EXPIRY_DATE": "31/12/2026",
      "ICON": "onemap-fc-childcare.png",
      "PUBLISHED_DATE": "01/01/2012",
      "QUERYNAME": "childcare",
      "THEMENAME": "Child Care Services",
      "THEME_OWNER": "EARLY CHILDHOOD DEVELOPMENT AGENCY",
    },
    {
      "CATEGORY": "Community",
      "EXPIRY_DATE": "31/12/2025",
      "ICON": "psz-LOGO_20by20.png",
      "PUBLISHED_DATE": "28/03/2016",
      "QUERYNAME": "parkingstandardszone",
      "THEMENAME": "LTA Parking Standards Zone",
      "THEME_OWNER": "LAND TRANSPORT AUTHORITY",
    },
    {
      "CATEGORY": "Government Offices",
      "EXPIRY_DATE": "31/12/2027",
      "ICON": "PA.jpg",
      "PUBLISHED_DATE": "01/01/2012",
      "QUERYNAME": "paheadquarters",
      "THEMENAME": "PA Headquarters",
      "THEME_OWNER": "PEOPLE'S ASSOCIATION",
    },
    {
      "CATEGORY": "Community",
      "EXPIRY_DATE": "31/12/2023",
      "ICON": "onemap_Remittance_20.png",
      "PUBLISHED_DATE": "12/10/2015",
      "QUERYNAME": "remittance",
      "THEMENAME": "Locations of Remittance",
      "THEME_OWNER": "MONETARY AUTHORITY OF SINGAPORE",
    },
    {
      "CATEGORY": "null",
      "EXPIRY_DATE": "31/12/2013",
      "ICON": "null",
      "PUBLISHED_DATE": "01/01/2012",
      "QUERYNAME": "nparks_building",
      "THEMENAME": "NParks Buildings",
      "THEME_OWNER": "NATIONAL PARKS BOARD",
    },
    {
      "CATEGORY": "Environment",
      "EXPIRY_DATE": "31/03/2024",
      "ICON": "image.gif",
      "PUBLISHED_DATE": "07/03/2018",
      "QUERYNAME": "nparks_parks",
      "THEMENAME": "NParks Parks and Nature Reserves",
      "THEME_OWNER": "NATIONAL PARKS BOARD",
    },
    {
      "CATEGORY": "Environment",
      "EXPIRY_DATE": "31/12/2028",
      "ICON": "icon.png",
      "PUBLISHED_DATE": "19/08/2022",
      "QUERYNAME": "reusechannels",
      "THEMENAME": "Channels for Donation, Resale and Repair",
      "THEME_OWNER": "NATIONAL ENVIRONMENT AGENCY",
    },
    {
      "CATEGORY": "null",
      "EXPIRY_DATE": "31/12/2013",
      "ICON": "null",
      "PUBLISHED_DATE": "01/01/2012",
      "QUERYNAME": "ura_project_public_pl",
      "THEMENAME": "URA Project (PUBLIC)",
      "THEME_OWNER": "URBAN REDEVELOPMENT AUTHORITY",
    },
    {
      "CATEGORY": "null",
      "EXPIRY_DATE": "31/12/2013",
      "ICON": "null",
      "PUBLISHED_DATE": "01/01/2012",
      "QUERYNAME": "nparks_uc_parks",
      "THEMENAME": "Under-Construction Parks",
      "THEME_OWNER": "NATIONAL PARKS BOARD",
    },
    {
      "CATEGORY": "null",
      "EXPIRY_DATE": "31/12/2013",
      "ICON": "null",
      "PUBLISHED_DATE": "01/01/2012",
      "QUERYNAME": "watersupplyconstruction",
      "THEMENAME": "WaterSupplyConstruction",
      "THEME_OWNER": "PUBLIC UTILITIES BOARD",
    },
    {
      "CATEGORY": "null",
      "EXPIRY_DATE": "31/12/2013",
      "ICON": "null",
      "PUBLISHED_DATE": "01/01/2012",
      "QUERYNAME": "hdbcyclingunderconstruction",
      "THEMENAME": "HDB Cycling Paths Under-Construction",
      "THEME_OWNER": "HOUSING AND DEVELOPMENT BOARD",
    },
    {
      "CATEGORY": "null",
      "EXPIRY_DATE": "31/12/2013",
      "ICON": "null",
      "PUBLISHED_DATE": "01/01/2012",
      "QUERYNAME": "drainageconstruction",
      "THEMENAME": "Drainage Construction",
      "THEME_OWNER": "PUBLIC UTILITIES BOARD",
    },
    {
      "CATEGORY": "null",
      "EXPIRY_DATE": "31/12/2013",
      "ICON": "null",
      "PUBLISHED_DATE": "01/01/2012",
      "QUERYNAME": "bca_estate_upg_prog_osp",
      "THEMENAME": "Estate Upgrading Programme (EUP) Works for OSP",
      "THEME_OWNER": "BUILDING AND CONSTRUCTION AUTHORITY",
    },
    {
      "CATEGORY": "null",
      "EXPIRY_DATE": "31/12/2013",
      "ICON": "null",
      "PUBLISHED_DATE": "01/01/2012",
      "QUERYNAME": "hdbluppropunderconstruction",
      "THEMENAME": "HDB Lift Upgrading Programme Proposed and Under-Construction (LUP)",
      "THEME_OWNER": "HOUSING AND DEVELOPMENT BOARD",
    },
    {
      "CATEGORY": "null",
      "EXPIRY_DATE": "31/12/2013",
      "ICON": "null",
      "PUBLISHED_DATE": "01/01/2012",
      "QUERYNAME": "hdbnrpunderconstruction",
      "THEMENAME": "HDB Neighbourhood Renewal Programme Proposed and Under-Construction (NRP)",
      "THEME_OWNER": "HOUSING AND DEVELOPMENT BOARD",
    },
    {
      "CATEGORY": "null",
      "EXPIRY_DATE": "31/12/2013",
      "ICON": "null",
      "PUBLISHED_DATE": "01/01/2012",
      "QUERYNAME": "hdbbuildingunderconstruction",
      "THEMENAME": "HDB Public Housing Building Under-Construction",
      "THEME_OWNER": "HOUSING AND DEVELOPMENT BOARD",
    },
    {
      "CATEGORY": "null",
      "EXPIRY_DATE": "31/12/2013",
      "ICON": "null",
      "PUBLISHED_DATE": "01/01/2012",
      "QUERYNAME": "sewerageconstruction",
      "THEMENAME": "SewerageConstruction",
      "THEME_OWNER": "PUBLIC UTILITIES BOARD",
    },
    {
      "CATEGORY": "null",
      "EXPIRY_DATE": "31/12/2013",
      "ICON": "null",
      "PUBLISHED_DATE": "01/01/2012",
      "QUERYNAME": "nparks_uc_pc",
      "THEMENAME": "Under-Construction Park Connectors",
      "THEME_OWNER": "NATIONAL PARKS BOARD",
    },
    {
      "CATEGORY": "Family",
      "EXPIRY_DATE": "31/12/2025",
      "ICON": "onemap-fc-studentcare.png",
      "PUBLISHED_DATE": "01/01/2012",
      "QUERYNAME": "studentcare",
      "THEMENAME": "Student Care Services",
      "THEME_OWNER": "MINISTRY OF SOCIAL AND FAMILY DEVELOPMENT",
    },
    {
      "CATEGORY": "Environment",
      "EXPIRY_DATE": "31/12/2027",
      "ICON": "gml_j20.jpg",
      "PUBLISHED_DATE": "01/01/2012",
      "QUERYNAME": "greenbuilding",
      "THEMENAME": "Green Mark Buildings",
      "THEME_OWNER": "BUILDING AND CONSTRUCTION AUTHORITY",
    },
    {
      "CATEGORY": "Culture",
      "EXPIRY_DATE": "31/12/2024",
      "ICON": "onemapicon.gif",
      "PUBLISHED_DATE": "07/05/2013",
      "QUERYNAME": "historicsites",
      "THEMENAME": "Historic Sites",
      "THEME_OWNER": "NATIONAL HERITAGE BOARD",
    },
    {
      "CATEGORY": "null",
      "EXPIRY_DATE": "31/12/2013",
      "ICON": "null",
      "PUBLISHED_DATE": "01/01/2012",
      "QUERYNAME": "commmediationctr",
      "THEMENAME": "Community Mediation",
      "THEME_OWNER": "MINISTRY OF LAW",
    },
    {
      "CATEGORY": "Government Offices",
      "EXPIRY_DATE": "31/12/2024",
      "ICON": "M0906.png",
      "PUBLISHED_DATE": "14/05/2013",
      "QUERYNAME": "hdb_branches",
      "THEMENAME": "HDB Branches",
      "THEME_OWNER": "HOUSING AND DEVELOPMENT BOARD",
    },
    {
      "CATEGORY": "Health",
      "EXPIRY_DATE": "30/04/2025",
      "ICON": "HealthierDining.PNG",
      "PUBLISHED_DATE": "02/04/2015",
      "QUERYNAME": "healthierdining",
      "THEMENAME": "Healthier Eateries",
      "THEME_OWNER": "HEALTH PROMOTION BOARD",
    },
    {
      "CATEGORY": "Family",
      "EXPIRY_DATE": "31/07/2026",
      "ICON": "onemap-fc-family.png",
      "PUBLISHED_DATE": "01/01/2012",
      "QUERYNAME": "family",
      "THEMENAME": "Family Services",
      "THEME_OWNER": "MINISTRY OF SOCIAL AND FAMILY DEVELOPMENT",
    },
    {
      "CATEGORY": "Environment",
      "EXPIRY_DATE": "31/12/2028",
      "ICON": "circle.png",
      "PUBLISHED_DATE": "01/01/2012",
      "QUERYNAME": "funeralparlours",
      "THEMENAME": "Funeral Parlours",
      "THEME_OWNER": "NATIONAL ENVIRONMENT AGENCY",
    },
    {
      "CATEGORY": "Health",
      "EXPIRY_DATE": "31/12/2028",
      "ICON": "mosquitoa20.jpg",
      "PUBLISHED_DATE": "26/06/2013",
      "QUERYNAME": "dengue_cluster",
      "THEMENAME": "Dengue Clusters",
      "THEME_OWNER": "NATIONAL ENVIRONMENT AGENCY",
    },
    {
      "CATEGORY": "Environment",
      "EXPIRY_DATE": "31/12/2025",
      "ICON": "ewaste.jpg",
      "PUBLISHED_DATE": "16/05/2014",
      "QUERYNAME": "ewaste",
      "THEMENAME": "E-waste Recycling",
      "THEME_OWNER": "NATIONAL ENVIRONMENT AGENCY",
    },
    {
      "CATEGORY": "Government Offices",
      "EXPIRY_DATE": "31/12/2027",
      "ICON": "logocpf.png",
      "PUBLISHED_DATE": "23/10/2012",
      "QUERYNAME": "cpfb_location",
      "THEMENAME": "CPF Service Centres",
      "THEME_OWNER": "CENTRAL PROVIDENT FUND BOARD",
    },
    {
      "CATEGORY": "Emergency Preparedness",
      "EXPIRY_DATE": "31/03/2025",
      "ICON": "FS.PNG",
      "PUBLISHED_DATE": "11/07/2013",
      "QUERYNAME": "firestation",
      "THEMENAME": "Fire Stations",
      "THEME_OWNER": "SINGAPORE CIVIL DEFENCE FORCE",
    },
    {
      "CATEGORY": "Environment",
      "EXPIRY_DATE": "31/12/2025",
      "ICON": "circle.png",
      "PUBLISHED_DATE": "20/04/2020",
      "QUERYNAME": "crematoria",
      "THEMENAME": "Crematoria",
      "THEME_OWNER": "NATIONAL ENVIRONMENT AGENCY",
    },
    {
      "CATEGORY": "Health",
      "EXPIRY_DATE": "31/12/2028",
      "ICON": "iconbloodbank_new.jpg",
      "PUBLISHED_DATE": "15/03/2014",
      "QUERYNAME": "blood_bank",
      "THEMENAME": "Bloodbank locations",
      "THEME_OWNER": "HEALTH SCIENCES AUTHORITY",
    },
    {
      "CATEGORY": "Environment",
      "EXPIRY_DATE": "31/12/2025",
      "ICON": "circle.png",
      "PUBLISHED_DATE": "20/04/2020",
      "QUERYNAME": "ias",
      "THEMENAME": "Inland Ash Scattering Gardens",
      "THEME_OWNER": "NATIONAL ENVIRONMENT AGENCY",
    },
    {
      "CATEGORY": "Community",
      "EXPIRY_DATE": "01/01/2028",
      "ICON": "icon_enforcementCam_20-01.jpg",
      "PUBLISHED_DATE": "25/04/2017",
      "QUERYNAME": "mce_kpe_speed_camera",
      "THEMENAME": "MCE KPE Speed Camera",
      "THEME_OWNER": "LAND TRANSPORT AUTHORITY",
    },
    {
      "CATEGORY": "National Service",
      "EXPIRY_DATE": "31/12/2017",
      "ICON": "SAFRA.png",
      "PUBLISHED_DATE": "01/01/2012",
      "QUERYNAME": "hsgb_safra",
      "THEMENAME": "SAFRA Centres",
      "THEME_OWNER": "MINISTRY OF DEFENCE",
    },
    {
      "CATEGORY": "Emergency Preparedness",
      "EXPIRY_DATE": "31/12/2024",
      "ICON": "aedlogo.png",
      "PUBLISHED_DATE": "01/10/2019",
      "QUERYNAME": "aed_locations",
      "THEMENAME": "Public Access AEDs",
      "THEME_OWNER": "SINGAPORE CIVIL DEFENCE FORCE",
    },
    {
      "CATEGORY": "Community",
      "EXPIRY_DATE": "31/08/2023",
      "ICON": "image.jfif",
      "PUBLISHED_DATE": "06/07/2023",
      "QUERYNAME": "ndp_23_sea",
      "THEMENAME": "Singapore Police Force - National Day Parade (NDP) 2023 Special Event Area",
      "THEME_OWNER": "SINGAPORE POLICE FORCE",
    },
    {
      "CATEGORY": "Community",
      "EXPIRY_DATE": "31/08/2023",
      "ICON": "spf_icon.jpg",
      "PUBLISHED_DATE": "07/07/2023",
      "QUERYNAME": "ndp_23_sz",
      "THEMENAME": "Singapore Police Force - National Day Parade (NDP) 2023 Special Zone",
      "THEME_OWNER": "SINGAPORE POLICE FORCE",
    },
    {
      "CATEGORY": "null",
      "EXPIRY_DATE": "31/12/2013",
      "ICON": "null",
      "PUBLISHED_DATE": "01/01/2012",
      "QUERYNAME": "underconstruction_facilities",
      "THEMENAME": "Under-Construction Park Facilities",
      "THEME_OWNER": "NATIONAL PARKS BOARD",
    },
    {
      "CATEGORY": "National Service",
      "EXPIRY_DATE": "31/12/2017",
      "ICON": "HSGB_FCC.png",
      "PUBLISHED_DATE": "01/01/2012",
      "QUERYNAME": "hsgb_fcc",
      "THEMENAME": "Fitness and Conditioning Centres (FCC)",
      "THEME_OWNER": "MINISTRY OF DEFENCE",
    },
    {
      "CATEGORY": "Recreation",
      "EXPIRY_DATE": "31/03/2024",
      "ICON": "LOGGGGGG.jpg",
      "PUBLISHED_DATE": "31/03/2023",
      "QUERYNAME": "nparks_play_fitness_eq",
      "THEMENAME": "NPARKS Play/Fitness Equipment",
      "THEME_OWNER": "NATIONAL PARKS BOARD",
    },
    {
      "CATEGORY": "Community",
      "EXPIRY_DATE": "31/03/2025",
      "ICON": "Crest_20x20.jpg",
      "PUBLISHED_DATE": "01/04/2015",
      "QUERYNAME": "liquor_control_zones",
      "THEMENAME": "Liquor Control Zone(s) proclaimed under Liquor Control (Supply and Consumption) Act 2015",
      "THEME_OWNER": "SINGAPORE POLICE FORCE",
    },
    {
      "CATEGORY": "null",
      "EXPIRY_DATE": "31/12/2013",
      "ICON": "null",
      "PUBLISHED_DATE": "01/01/2012",
      "QUERYNAME": "customs_zero_gst_goods",
      "THEMENAME": "Licensed Premises for Zero GST Goods",
      "THEME_OWNER": "SINGAPORE CUSTOMS",
    },
    {
      "CATEGORY": "null",
      "EXPIRY_DATE": "31/12/2013",
      "ICON": "null",
      "PUBLISHED_DATE": "01/01/2012",
      "QUERYNAME": "ltarailprj_uc_unclass",
      "THEMENAME": "LTA Rail Project Under Construction (Unclassified)",
      "THEME_OWNER": "LAND TRANSPORT AUTHORITY",
    },
    {
      "CATEGORY": "Recreation",
      "EXPIRY_DATE": "31/03/2024",
      "ICON": "LOGGGGGG.jpg",
      "PUBLISHED_DATE": "31/03/2023",
      "QUERYNAME": "nparks_activity_area",
      "THEMENAME": "NParks Activity Area",
      "THEME_OWNER": "NATIONAL PARKS BOARD",
    },
    {
      "CATEGORY": "null",
      "EXPIRY_DATE": "31/12/2013",
      "ICON": "null",
      "PUBLISHED_DATE": "01/01/2012",
      "QUERYNAME": "nparks_carpark_lots",
      "THEMENAME": "NParks Car Park Lots",
      "THEME_OWNER": "NATIONAL PARKS BOARD",
    },
    {
      "CATEGORY": "Health",
      "EXPIRY_DATE": "31/12/2023",
      "ICON": "Go To Point Logo 19x18.png",
      "PUBLISHED_DATE": "28/02/2018",
      "QUERYNAME": "dfc_gtp",
      "THEMENAME": "Dementia Friendly Go-To-Points (GTPs)",
      "THEME_OWNER": "MINISTRY OF HEALTH",
    },
    {
      "CATEGORY": "Health",
      "EXPIRY_DATE": "31/12/2025",
      "ICON": "quitcentres.jpg",
      "PUBLISHED_DATE": "01/01/2012",
      "QUERYNAME": "quitcentres",
      "THEMENAME": "Quit Centres",
      "THEME_OWNER": "HEALTH PROMOTION BOARD",
    },
    {
      "CATEGORY": "Community",
      "EXPIRY_DATE": "31/12/2027",
      "ICON": "RC_20.gif",
      "PUBLISHED_DATE": "01/01/2012",
      "QUERYNAME": "residentscommittee",
      "THEMENAME": "Residents' Committee / Residents' Network Centre",
      "THEME_OWNER": "PEOPLE'S ASSOCIATION",
    },
    {
      "CATEGORY": "Community",
      "EXPIRY_DATE": "31/12/2027",
      "ICON": "CAAS.JPG",
      "PUBLISHED_DATE": "18/07/2016",
      "QUERYNAME": "restricted_areaspoly",
      "THEMENAME": "Areas within Restricted Areas",
      "THEME_OWNER": "CIVIL AVIATION AUTHORITY OF SINGAPORE",
    },
    {
      "CATEGORY": "Community",
      "EXPIRY_DATE": "31/12/2022",
      "ICON": "silverInfocomm.png",
      "PUBLISHED_DATE": "01/01/2012",
      "QUERYNAME": "silverinfocomm",
      "THEMENAME": "Silver Infocomm",
      "THEME_OWNER": "INFOCOMM MEDIA DEVELOPMENT AUTHORITY",
    },
    {
      "CATEGORY": "Community",
      "EXPIRY_DATE": "08/12/2023",
      "ICON": "sso_20_px_by_20_px.jpg",
      "PUBLISHED_DATE": "26/04/2013",
      "QUERYNAME": "sso",
      "THEMENAME": "Social Service Offices",
      "THEME_OWNER": "MINISTRY OF SOCIAL AND FAMILY DEVELOPMENT",
    },
    {
      "CATEGORY": "Recreation",
      "EXPIRY_DATE": "31/12/2022",
      "ICON": "wireless.gif",
      "PUBLISHED_DATE": "16/03/2013",
      "QUERYNAME": "wireless_hotspots",
      "THEMENAME": "Wireless HotSpots",
      "THEME_OWNER": "INFOCOMM MEDIA DEVELOPMENT AUTHORITY",
    },
    {
      "CATEGORY": "Environment",
      "EXPIRY_DATE": "31/03/2024",
      "ICON": "npark.png",
      "PUBLISHED_DATE": "15/04/2016",
      "QUERYNAME": "skyrise_greenery",
      "THEMENAME": "NParks Skyrise Greenery",
      "THEME_OWNER": "NATIONAL PARKS BOARD",
    },
    {
      "CATEGORY": "Community",
      "EXPIRY_DATE": "31/12/2027",
      "ICON": "CAAS logo.png",
      "PUBLISHED_DATE": "20/01/2016",
      "QUERYNAME": "prohibited_areas",
      "THEMENAME": "Areas within Prohibited Areas",
      "THEME_OWNER": "CIVIL AVIATION AUTHORITY OF SINGAPORE",
    },
    {
      "CATEGORY": "Environment",
      "EXPIRY_DATE": "31/12/2028",
      "ICON": "icon.png",
      "PUBLISHED_DATE": "25/07/2018",
      "QUERYNAME": "dsa",
      "THEMENAME": "Designated Smoking Areas",
      "THEME_OWNER": "NATIONAL ENVIRONMENT AGENCY",
    },
    {
      "CATEGORY": "null",
      "EXPIRY_DATE": "31/12/2013",
      "ICON": "null",
      "PUBLISHED_DATE": "01/01/2012",
      "QUERYNAME": "maxwell_fnb_map",
      "THEMENAME": "Maxwell Chambers F&B map",
      "THEME_OWNER": "MINISTRY OF LAW",
    },
    {
      "CATEGORY": "Government Offices",
      "EXPIRY_DATE": "31/12/2022",
      "ICON": "Crest_20x20.jpg",
      "PUBLISHED_DATE": "01/03/2018",
      "QUERYNAME": "spf_establishments_2018",
      "THEMENAME": "Singapore Police Force Establishments (2018)",
      "THEME_OWNER": "SINGAPORE POLICE FORCE",
    },
    {
      "CATEGORY": "Education",
      "EXPIRY_DATE": "31/12/2023",
      "ICON": "location-icon.png",
      "PUBLISHED_DATE": "07/10/2016",
      "QUERYNAME": "preschools_location",
      "THEMENAME": "Pre-Schools Location",
      "THEME_OWNER": "EARLY CHILDHOOD DEVELOPMENT AGENCY",
    },
    {
      "CATEGORY": "Health",
      "EXPIRY_DATE": "31/12/2025",
      "ICON": "CSS.jpg",
      "PUBLISHED_DATE": "01/01/2012",
      "QUERYNAME": "cervicalscreen",
      "THEMENAME": "Cervical Screening Centre",
      "THEME_OWNER": "HEALTH PROMOTION BOARD",
    },
    {
      "CATEGORY": "Education",
      "EXPIRY_DATE": "31/12/2021",
      "ICON": "WSQ.jpg",
      "PUBLISHED_DATE": "01/01/2012",
      "QUERYNAME": "cetcentres",
      "THEMENAME": "CET Centres",
      "THEME_OWNER": "SINGAPORE WORKFORCE DEVELOPMENT AGENCY",
    },
    {
      "CATEGORY": "Health",
      "EXPIRY_DATE": "31/12/2025",
      "ICON": "breastscreen.jpg",
      "PUBLISHED_DATE": "01/01/2012",
      "QUERYNAME": "breastscreen",
      "THEMENAME": "Breast Screening Centre",
      "THEME_OWNER": "HEALTH PROMOTION BOARD",
    },
    {
      "CATEGORY": "Community",
      "EXPIRY_DATE": "31/12/2027",
      "ICON": "PA.jpg",
      "PUBLISHED_DATE": "01/01/2012",
      "QUERYNAME": "cdcouncils",
      "THEMENAME": "Community Devt Councils",
      "THEME_OWNER": "PEOPLE'S ASSOCIATION",
    },
    {
      "CATEGORY": "null",
      "EXPIRY_DATE": "31/12/2013",
      "ICON": "null",
      "PUBLISHED_DATE": "01/01/2012",
      "QUERYNAME": "jtc_estate_name",
      "THEMENAME": "JTC Estate Name Boundary",
      "THEME_OWNER": "JTC CORPORATION",
    },
    {
      "CATEGORY": "null",
      "EXPIRY_DATE": "31/12/2013",
      "ICON": "null",
      "PUBLISHED_DATE": "01/01/2012",
      "QUERYNAME": "jtc_tol",
      "THEMENAME": "JTC Temporary Occupation License",
      "THEME_OWNER": "JTC CORPORATION",
    },
    {
      "CATEGORY": "Environment",
      "EXPIRY_DATE": "31/12/2028",
      "ICON": "cleansing sector.jpg",
      "PUBLISHED_DATE": "16/05/2014",
      "QUERYNAME": "cleansing_outsourced",
      "THEMENAME": "Cleaning Sectors",
      "THEME_OWNER": "NATIONAL ENVIRONMENT AGENCY",
    },
    {
      "CATEGORY": "Family",
      "EXPIRY_DATE": "08/12/2023",
      "ICON": "onemap-fc-disability.png",
      "PUBLISHED_DATE": "01/01/2012",
      "QUERYNAME": "disability",
      "THEMENAME": "Disability Services",
      "THEME_OWNER": "MINISTRY OF SOCIAL AND FAMILY DEVELOPMENT",
    },
    {
      "CATEGORY": "Government Offices",
      "EXPIRY_DATE": "31/12/2028",
      "ICON": "ecoa20.jpg",
      "PUBLISHED_DATE": "01/01/2012",
      "QUERYNAME": "neaoffices",
      "THEMENAME": "NEA Offices",
      "THEME_OWNER": "NATIONAL ENVIRONMENT AGENCY",
    },
    {
      "CATEGORY": "Environment",
      "EXPIRY_DATE": "31/12/2024",
      "ICON": "abclogo_onemap.png",
      "PUBLISHED_DATE": "22/08/2019",
      "QUERYNAME": "abcwaterscompleted",
      "THEMENAME": "ABC Waters Completed",
      "THEME_OWNER": "PUBLIC UTILITIES BOARD",
    },
    {
      "CATEGORY": "null",
      "EXPIRY_DATE": "31/12/2013",
      "ICON": "null",
      "PUBLISHED_DATE": "01/01/2012",
      "QUERYNAME": "bombshelters",
      "THEMENAME": "Bomb shelters",
      "THEME_OWNER": "SINGAPORE CIVIL DEFENCE FORCE",
    },
    {
      "CATEGORY": "Government Offices",
      "EXPIRY_DATE": "31/12/2028",
      "ICON": "Crest_20x20.jpg",
      "PUBLISHED_DATE": "02/06/2014",
      "QUERYNAME": "npc_boundary",
      "THEMENAME": "Singapore Police Force NPC Boundary",
      "THEME_OWNER": "SINGAPORE POLICE FORCE",
    },
    {
      "CATEGORY": "Culture",
      "EXPIRY_DATE": "31/12/2024",
      "ICON": "heritage.gif",
      "PUBLISHED_DATE": "01/01/2012",
      "QUERYNAME": "monuments",
      "THEMENAME": "Monuments",
      "THEME_OWNER": "NATIONAL HERITAGE BOARD",
    },
    {
      "CATEGORY": "Recreation",
      "EXPIRY_DATE": "31/03/2024",
      "ICON": "parks.gif",
      "PUBLISHED_DATE": "01/01/2012",
      "QUERYNAME": "nationalparks",
      "THEMENAME": "Parks",
      "THEME_OWNER": "NATIONAL PARKS BOARD",
    },
    {
      "CATEGORY": "Recreation",
      "EXPIRY_DATE": "31/03/2024",
      "ICON": "gazette.jpg",
      "PUBLISHED_DATE": "30/05/2018",
      "QUERYNAME": "nr_gaz_2005",
      "THEMENAME": "Nature Reserves Gazette 2005",
      "THEME_OWNER": "NATIONAL PARKS BOARD",
    },
    {
      "CATEGORY": "Community",
      "EXPIRY_DATE": "31/12/2024",
      "ICON": "MHA-Logo 20-20.png",
      "PUBLISHED_DATE": "02/06/2015",
      "QUERYNAME": "mha_uav_2015",
      "THEMENAME": "Protected Area under Section 7 Air Navigation Act",
      "THEME_OWNER": "MINISTRY OF HOME AFFAIRS",
    },
    {
      "CATEGORY": "Community",
      "EXPIRY_DATE": "30/11/2022",
      "ICON": "ARS logo20.jpg",
      "PUBLISHED_DATE": "01/01/2012",
      "QUERYNAME": "bfabuildings",
      "THEMENAME": "Friendly Buildings",
      "THEME_OWNER": "BUILDING AND CONSTRUCTION AUTHORITY",
    },
    {
      "CATEGORY": "Environment",
      "EXPIRY_DATE": "31/12/2028",
      "ICON": "icon.png",
      "PUBLISHED_DATE": "25/07/2018",
      "QUERYNAME": "nsz",
      "THEMENAME": "No Smoking Zones",
      "THEME_OWNER": "NATIONAL ENVIRONMENT AGENCY",
    },
    {
      "CATEGORY": "Community",
      "EXPIRY_DATE": "31/12/2023",
      "ICON": "onemap_MoneyExchange_20.png",
      "PUBLISHED_DATE": "12/10/2015",
      "QUERYNAME": "moneychanger",
      "THEMENAME": "Locations of Money Changer",
      "THEME_OWNER": "MONETARY AUTHORITY OF SINGAPORE",
    },
    {
      "CATEGORY": "Family",
      "EXPIRY_DATE": "31/12/2020",
      "ICON": "onemap-fc-eldercare.png",
      "PUBLISHED_DATE": "01/01/2012",
      "QUERYNAME": "eldercare",
      "THEMENAME": "Eldercare Services",
      "THEME_OWNER": "MINISTRY OF HEALTH",
    },
  ],
}
`;

exports[`getThemeInfo 1`] = `
{
  "Theme_Names": [
    {
      "QUERYNAME": "liquor_control_zones",
      "THEMENAME": "Liquor Control Zone(s) proclaimed under Liquor Control (Supply and Consumption) Act 2015",
    },
  ],
}
`;

exports[`retrieveTheme 1`] = `
{
  "SrchResults": [
    {
      "Category": "Community",
      "DateTime": "2015-02-12T15:29:05+00:00",
      "FeatCount": 0,
      "Formatted_DateTime": "12/02/2015",
      "Formatted_Published_Date": "01/04/2015",
      "Owner": "SINGAPORE POLICE FORCE",
      "Published_Date": "2015-04-01T00:00:00+00:00",
      "Theme_Name": "Liquor Control Zone(s) proclaimed under Liquor Control (Supply and Consumption) Act 2015",
    },
    {
      "DESCRIPTION": "To demarcate the area (s) in Singapore and proclaim the area (s) to be Liquor Control Zone under Liquor Control (Supply and Consumption) Act 2015",
      "HYPERLINK": "http://www.spf.gov.sg/licence/frameset_PP.html",
      "ICON_NAME": "Crest_20x20.jpg",
      "LatLng": "[[103.848649478524,1.31069258855609]]",
      "MAPTIP": "Liquor Control Zone (Little India)",
      "NAME": "Liquor Control Zone (Little India)",
      "SYMBOLCOLOR": "#FFFFFF",
      "Type": "Polygon",
    },
    {
      "DESCRIPTION": "To demarcate the area (s) in Singapore and proclaim the area (s) to be Liquor Control Zone under Liquor Control (Supply and Consumption) Act 2015",
      "HYPERLINK": "http://www.spf.gov.sg/licence/frameset_PP.html",
      "ICON_NAME": "Crest_20x20.jpg",
      "LatLng": "[[103.875033701234,1.31325347115021]]",
      "MAPTIP": "Liquor Control Zone (Geylang)",
      "NAME": "Liquor Control Zone (Geylang)",
      "SYMBOLCOLOR": "#FFFFFF",
      "Type": "Polygon",
    },
  ],
}
`;
